
C:\Users\Administrator\Documents\Superprod\superprod-ui-dev>http-server ./dist/superprod-ui -p 4200 

C:\Users\Administrator\Documents\Superprod\superprod-ui-dev>http-server ./dist/superprod-ui -p 4200 

C:\Users\Administrator\Documents\Superprod\superprod-ui-dev>http-server ./dist/superprod-ui -p 4200 

C:\Users\Administrator\Documents\Superprod\superprod-ui-dev>http-server ./dist/superprod-ui -p 4200 

C:\Users\Administrator\Documents\Superprod\superprod-ui-dev>http-server ./dist/superprod-ui -p 4200 

C:\Users\Administrator\Documents\Superprod\superprod-ui-dev>http-server ./dist/superprod-ui -p 4200 

C:\Users\Administrator\Documents\Superprod\superprod-ui-dev>http-server ./dist/superprod-ui -p 4200 

C:\Users\Administrator\Documents\Superprod\superprod-ui-dev>http-server ./dist/superprod-ui -p 4200 

C:\Users\Administrator\Documents\Superprod\superprod-ui-dev>http-server ./dist/superprod-ui -p 4200 

C:\Users\Administrator\Documents\Superprod\superprod-ui-dev>http-server ./dist/superprod-ui -p 4200 

C:\Users\Administrator\Documents\Superprod\superprod-ui-dev>http-server ./dist/superprod-ui -p 4200 

C:\Users\Administrator\Documents\Superprod\superprod-ui-dev>http-server ./dist/superprod-ui -p 4200 

C:\Users\Administrator\Documents\Superprod\superprod-ui-dev>http-server ./dist/superprod-ui -p 4200 

C:\Users\Administrator\Documents\Superprod\superprod-ui-dev>http-server ./dist/superprod-ui -p 4200 

C:\Users\Administrator\Documents\Superprod\superprod-ui-dev>http-server ./dist/superprod-ui -p 4200 

C:\Users\Administrator\Documents\Superprod\superprod-ui-dev>http-server ./dist/superprod-ui -p 4200 

C:\Users\Administrator\Documents\Superprod\superprod-ui-dev>http-server ./dist/superprod-ui -p 4200 

C:\Users\Administrator\Documents\Superprod\superprod-ui-dev>http-server ./dist/superprod-ui -p 4200 

C:\Users\Administrator\Documents\Superprod\superprod-ui-dev>http-server ./dist/superprod-ui -p 4200 

C:\Users\Administrator\Documents\Superprod\superprod-ui-dev>http-server ./dist/superprod-ui -p 4200 

C:\Users\Administrator\Documents\Superprod\superprod-ui-dev>http-server ./dist/superprod-ui -p 4200 

C:\Users\Administrator\Documents\Superprod\superprod-ui-dev>http-server ./dist/superprod-ui -p 4200 

C:\Users\Administrator\Documents\Superprod\superprod-ui-dev>http-server ./dist/superprod-ui -p 4200 

C:\Users\Administrator\Documents\Superprod\superprod-ui-dev>http-server ./dist/superprod-ui -p 4200 

C:\Users\Administrator\Documents\Superprod\superprod-ui-dev>http-server ./dist/superprod-ui -p 4200 

C:\Users\Administrator\Documents\Superprod\superprod-ui-dev>http-server ./dist/superprod-ui -p 4200 

C:\Users\Administrator\Documents\Superprod\superprod-ui-dev>http-server ./dist/superprod-ui -p 4200 

C:\Users\Administrator\Documents\Superprod\superprod-ui-dev>http-server ./dist/superprod-ui -p 4200 

C:\Users\Administrator\Documents\Superprod\superprod-ui-dev>http-server ./dist/superprod-ui -p 4200 

C:\Users\Administrator\Documents\Superprod\superprod-ui-dev>http-server ./dist/superprod-ui -p 4200 

C:\Users\Administrator\Documents\Superprod\superprod-ui-dev>http-server ./dist/superprod-ui -p 4200 

C:\Users\Administrator\Documents\Superprod\superprod-ui-dev>http-server ./dist/superprod-ui -p 4200 
'http-server' is not recognized as an internal or external command,
operable program or batch file.

C:\Users\Administrator\Documents\Superprod\superprod-ui-dev>http-server ./dist/superprod-ui -p 4200 
'http-server' is not recognized as an internal or external command,
operable program or batch file.

C:\Users\Administrator\Documents\Superprod\superprod-ui-dev>http-server ./dist/superprod-ui -p 4200 
'http-server' is not recognized as an internal or external command,
operable program or batch file.

C:\Users\Administrator\Documents\Superprod\superprod-ui-dev>http-server ./dist/superprod-ui -p 4200 
'http-server' is not recognized as an internal or external command,
operable program or batch file.

C:\Users\Administrator\Documents\Superprod\superprod-ui-dev>http-server ./dist/superprod-ui -p 4200 
'http-server' is not recognized as an internal or external command,
operable program or batch file.

C:\Users\Administrator\Documents\Superprod\superprod-ui-dev>http-server ./dist/superprod-ui -p 4200 
'http-server' is not recognized as an internal or external command,
operable program or batch file.

C:\Users\Administrator\Documents\Superprod\superprod-ui-dev>http-server ./dist/superprod-ui -p 4200 
'http-server' is not recognized as an internal or external command,
operable program or batch file.

C:\Users\Administrator\Documents\Superprod\superprod-ui-dev>http-server ./dist/superprod-ui -p 4200 
'http-server' is not recognized as an internal or external command,
operable program or batch file.

C:\Users\Administrator\Documents\Superprod\superprod-ui-dev>http-server ./dist/superprod-ui -p 4200 
'http-server' is not recognized as an internal or external command,
operable program or batch file.

C:\Users\Administrator\Documents\Superprod\superprod-ui-dev>http-server ./dist/superprod-ui -p 4200 
'http-server' is not recognized as an internal or external command,
operable program or batch file.

C:\Users\Administrator\Documents\Superprod\superprod-ui-dev>http-server ./dist/superprod-ui -p 4200 
'http-server' is not recognized as an internal or external command,
operable program or batch file.

C:\Users\Administrator\Documents\Superprod\superprod-ui-dev>http-server ./dist/superprod-ui -p 4200 
'http-server' is not recognized as an internal or external command,
operable program or batch file.

C:\Users\Administrator\Documents\Superprod\superprod-ui-dev>http-server ./dist/superprod-ui -p 4200 
'http-server' is not recognized as an internal or external command,
operable program or batch file.

C:\Users\Administrator\Documents\Superprod\superprod-ui-dev>http-server ./dist/superprod-ui -p 4200 
'http-server' is not recognized as an internal or external command,
operable program or batch file.

C:\Users\Administrator\Documents\Superprod\superprod-ui-dev>http-server ./dist/superprod-ui -p 4200 
'http-server' is not recognized as an internal or external command,
operable program or batch file.

C:\Users\Administrator\Documents\Superprod\superprod-ui-dev>http-server ./dist/superprod-ui -p 4200 
'http-server' is not recognized as an internal or external command,
operable program or batch file.

C:\Users\Administrator\Documents\Superprod\superprod-ui-dev>http-server ./dist/superprod-ui -p 4200 
'http-server' is not recognized as an internal or external command,
operable program or batch file.

C:\Users\Administrator\Documents\Superprod\superprod-ui-dev>http-server ./dist/superprod-ui -p 4200 
'http-server' is not recognized as an internal or external command,
operable program or batch file.

C:\Users\Administrator\Documents\Superprod\superprod-ui-dev>http-server ./dist/superprod-ui -p 4200 
'http-server' is not recognized as an internal or external command,
operable program or batch file.

C:\Users\Administrator\Documents\Superprod\superprod-ui-dev>http-server ./dist/superprod-ui -p 4200 
'http-server' is not recognized as an internal or external command,
operable program or batch file.

C:\Users\Administrator\Documents\Superprod\superprod-ui-dev>http-server ./dist/superprod-ui -p 4200 
'http-server' is not recognized as an internal or external command,
operable program or batch file.

C:\Users\Administrator\Documents\Superprod\superprod-ui-dev>http-server ./dist/superprod-ui -p 4200 
'http-server' is not recognized as an internal or external command,
operable program or batch file.

C:\Users\Administrator\Documents\Superprod\superprod-ui-dev>http-server ./dist/superprod-ui -p 4200 
'http-server' is not recognized as an internal or external command,
operable program or batch file.

C:\Users\Administrator\Documents\Superprod\superprod-ui-dev>http-server ./dist/superprod-ui -p 4200 
'http-server' is not recognized as an internal or external command,
operable program or batch file.

C:\Users\Administrator\Documents\Superprod\superprod-ui-dev>http-server ./dist/superprod-ui -p 4200 
'http-server' is not recognized as an internal or external command,
operable program or batch file.

C:\Users\Administrator\Documents\Superprod\superprod-ui-dev>http-server ./dist/superprod-ui -p 4200 
'http-server' is not recognized as an internal or external command,
operable program or batch file.

C:\Users\Administrator\Documents\Superprod\superprod-ui-dev>http-server ./dist/superprod-ui -p 4200 
'http-server' is not recognized as an internal or external command,
operable program or batch file.

C:\Users\Administrator\Documents\Superprod\superprod-ui-dev>http-server ./dist/superprod-ui -p 4200 
'http-server' is not recognized as an internal or external command,
operable program or batch file.

C:\Users\Administrator\Documents\Superprod\superprod-ui-dev>http-server ./dist/superprod-ui -p 4200 
'http-server' is not recognized as an internal or external command,
operable program or batch file.

C:\Users\Administrator\Documents\Superprod\superprod-ui-dev>http-server ./dist/superprod-ui -p 4200 
'http-server' is not recognized as an internal or external command,
operable program or batch file.

C:\Users\Administrator\Documents\Superprod\superprod-ui-dev>http-server ./dist/superprod-ui -p 4200 
'http-server' is not recognized as an internal or external command,
operable program or batch file.

C:\Users\Administrator\Documents\Superprod\superprod-ui-dev>http-server ./dist/superprod-ui -p 4200 
'http-server' is not recognized as an internal or external command,
operable program or batch file.

C:\Users\Administrator\Documents\Superprod\superprod-ui-dev>http-server ./dist/superprod-ui -p 4200 
'http-server' is not recognized as an internal or external command,
operable program or batch file.

C:\Users\Administrator\Documents\Superprod\superprod-ui-dev>http-server ./dist/superprod-ui -p 4200 
'http-server' is not recognized as an internal or external command,
operable program or batch file.

C:\Users\Administrator\Documents\Superprod\superprod-ui-dev>http-server ./dist/superprod-ui -p 4200 
'http-server' is not recognized as an internal or external command,
operable program or batch file.

C:\Users\Administrator\Documents\Superprod\superprod-ui-dev>http-server ./dist/superprod-ui -p 4200 
'http-server' is not recognized as an internal or external command,
operable program or batch file.

C:\Users\Administrator\Documents\Superprod\superprod-ui-dev>http-server ./dist/superprod-ui -p 4200 
'http-server' is not recognized as an internal or external command,
operable program or batch file.

C:\Users\Administrator\Documents\Superprod\superprod-ui-dev>http-server ./dist/superprod-ui -p 4200 
'http-server' is not recognized as an internal or external command,
operable program or batch file.

C:\Users\Administrator\Documents\Superprod\superprod-ui-dev>http-server ./dist/superprod-ui -p 4200 
'http-server' is not recognized as an internal or external command,
operable program or batch file.

C:\Users\Administrator\Documents\Superprod\superprod-ui-dev>http-server ./dist/superprod-ui -p 4200 
'http-server' is not recognized as an internal or external command,
operable program or batch file.

C:\Users\Administrator\Documents\Superprod\superprod-ui-dev>http-server ./dist/superprod-ui -p 4200 
'http-server' is not recognized as an internal or external command,
operable program or batch file.

C:\Users\Administrator\Documents\Superprod\superprod-ui-dev>http-server ./dist/superprod-ui -p 4200 
'http-server' is not recognized as an internal or external command,
operable program or batch file.

C:\Users\Administrator\Documents\Superprod\superprod-ui-dev>http-server ./dist/superprod-ui -p 4200 
'http-server' is not recognized as an internal or external command,
operable program or batch file.

C:\Users\Administrator\Documents\Superprod\superprod-ui-dev>http-server ./dist/superprod-ui -p 4200 
'http-server' is not recognized as an internal or external command,
operable program or batch file.

C:\Users\Administrator\Documents\Superprod\superprod-ui-dev>http-server ./dist/superprod-ui -p 4200 
'http-server' is not recognized as an internal or external command,
operable program or batch file.

C:\Users\Administrator\Documents\Superprod\superprod-ui-dev>http-server ./dist/superprod-ui -p 4200 
'http-server' is not recognized as an internal or external command,
operable program or batch file.

C:\Users\Administrator\Documents\Superprod\superprod-ui-dev>http-server ./dist/superprod-ui -p 4200 
'http-server' is not recognized as an internal or external command,
operable program or batch file.

C:\Users\Administrator\Documents\Superprod\superprod-ui-dev>http-server ./dist/superprod-ui -p 4200 
'http-server' is not recognized as an internal or external command,
operable program or batch file.

C:\Users\Administrator\Documents\Superprod\superprod-ui-dev>http-server ./dist/superprod-ui -p 4200 
'http-server' is not recognized as an internal or external command,
operable program or batch file.

C:\Users\Administrator\Documents\Superprod\superprod-ui-dev>http-server ./dist/superprod-ui -p 4200 
'http-server' is not recognized as an internal or external command,
operable program or batch file.

C:\Users\Administrator\Documents\Superprod\superprod-ui-dev>http-server ./dist/superprod-ui -p 4200 
'http-server' is not recognized as an internal or external command,
operable program or batch file.

C:\Users\Administrator\Documents\Superprod\superprod-ui-dev>http-server ./dist/superprod-ui -p 4200 
'http-server' is not recognized as an internal or external command,
operable program or batch file.

C:\Users\Administrator\Documents\Superprod\superprod-ui-dev>http-server ./dist/superprod-ui -p 4200 
'http-server' is not recognized as an internal or external command,
operable program or batch file.

C:\Users\Administrator\Documents\Superprod\superprod-ui-dev>http-server ./dist/superprod-ui -p 4200 
'http-server' is not recognized as an internal or external command,
operable program or batch file.

C:\Users\Administrator\Documents\Superprod\superprod-ui-dev>http-server ./dist/superprod-ui -p 4200 
'http-server' is not recognized as an internal or external command,
operable program or batch file.

C:\Users\Administrator\Documents\Superprod\superprod-ui-dev>http-server ./dist/superprod-ui -p 4200 
'http-server' is not recognized as an internal or external command,
operable program or batch file.

C:\Users\Administrator\Documents\Superprod\superprod-ui-dev>http-server ./dist/superprod-ui -p 4200 
'http-server' is not recognized as an internal or external command,
operable program or batch file.

C:\Users\Administrator\Documents\Superprod\superprod-ui-dev>http-server ./dist/superprod-ui -p 4200 
'http-server' is not recognized as an internal or external command,
operable program or batch file.

C:\Users\Administrator\Documents\Superprod\superprod-ui-dev>http-server ./dist/superprod-ui -p 4200 
'http-server' is not recognized as an internal or external command,
operable program or batch file.

C:\Users\Administrator\Documents\Superprod\superprod-ui-dev>http-server ./dist/superprod-ui -p 4200 
'http-server' is not recognized as an internal or external command,
operable program or batch file.

C:\Users\Administrator\Documents\Superprod\superprod-ui-dev>http-server ./dist/superprod-ui -p 4200 
'http-server' is not recognized as an internal or external command,
operable program or batch file.

C:\Users\Administrator\Documents\Superprod\superprod-ui-dev>http-server ./dist/superprod-ui -p 4200 
Starting up http-server, serving ./dist/superprod-ui

http-server version: 14.1.1

http-server settings: 
CORS: disabled
Cache: 3600 seconds
Connection Timeout: 120 seconds
Directory Listings: visible
AutoIndex: visible
Serve GZIP Files: false
Serve Brotli Files: false
Default File Extension: none

Available on:
  http://192.168.90.80:4200
  http://127.0.0.1:4200
Hit CTRL-C to stop the server

http-server stopped.

C:\Users\Administrator\Documents\Superprod\superprod-ui-dev>http-server ./dist/superprod-ui -p 4200 
Starting up http-server, serving ./dist/superprod-ui

http-server version: 14.1.1

http-server settings: 
CORS: disabled
Cache: 3600 seconds
Connection Timeout: 120 seconds
Directory Listings: visible
AutoIndex: visible
Serve GZIP Files: false
Serve Brotli Files: false
Default File Extension: none

Available on:
  http://192.168.90.80:4200
  http://127.0.0.1:4200
Hit CTRL-C to stop the server

[Wed Oct 16 2024 12:18:34 GMT-0700 (Pacific Daylight Time)]  "GET /" "Mozilla/5.0 (Windows NT 10.0; Win64; x64) AppleWebKit/537.36 (KHTML, like Gecko) Chrome/129.0.0.0 Safari/537.36"
(node:5732) [DEP0066] DeprecationWarning: OutgoingMessage.prototype._headers is deprecated
(Use `node --trace-deprecation ...` to show where the warning was created)
[Wed Oct 16 2024 12:18:34 GMT-0700 (Pacific Daylight Time)]  "GET /runtime.683d0bae610b814a.js" "Mozilla/5.0 (Windows NT 10.0; Win64; x64) AppleWebKit/537.36 (KHTML, like Gecko) Chrome/129.0.0.0 Safari/537.36"
[Wed Oct 16 2024 12:18:34 GMT-0700 (Pacific Daylight Time)]  "GET /polyfills.c8137c8493e64880.js" "Mozilla/5.0 (Windows NT 10.0; Win64; x64) AppleWebKit/537.36 (KHTML, like Gecko) Chrome/129.0.0.0 Safari/537.36"
[Wed Oct 16 2024 12:18:34 GMT-0700 (Pacific Daylight Time)]  "GET /main.c01e6c160e751ed0.js" "Mozilla/5.0 (Windows NT 10.0; Win64; x64) AppleWebKit/537.36 (KHTML, like Gecko) Chrome/129.0.0.0 Safari/537.36"
[Wed Oct 16 2024 12:18:34 GMT-0700 (Pacific Daylight Time)]  "GET /styles.abbd11a33208ccfc.css" "Mozilla/5.0 (Windows NT 10.0; Win64; x64) AppleWebKit/537.36 (KHTML, like Gecko) Chrome/129.0.0.0 Safari/537.36"
[Wed Oct 16 2024 12:18:35 GMT-0700 (Pacific Daylight Time)]  "GET /assets/imagem/logo%20branca.svg" "Mozilla/5.0 (Windows NT 10.0; Win64; x64) AppleWebKit/537.36 (KHTML, like Gecko) Chrome/129.0.0.0 Safari/537.36"
[Wed Oct 16 2024 12:18:35 GMT-0700 (Pacific Daylight Time)]  "GET /primeicons.ba3f916dfb64be8c.woff2" "Mozilla/5.0 (Windows NT 10.0; Win64; x64) AppleWebKit/537.36 (KHTML, like Gecko) Chrome/129.0.0.0 Safari/537.36"
[Wed Oct 16 2024 12:18:35 GMT-0700 (Pacific Daylight Time)]  "GET /assets/imagem/Logo%20original.svg" "Mozilla/5.0 (Windows NT 10.0; Win64; x64) AppleWebKit/537.36 (KHTML, like Gecko) Chrome/129.0.0.0 Safari/537.36"
[Wed Oct 16 2024 12:18:35 GMT-0700 (Pacific Daylight Time)]  "GET /fundo%20teste-1.9565173a46901624.png" "Mozilla/5.0 (Windows NT 10.0; Win64; x64) AppleWebKit/537.36 (KHTML, like Gecko) Chrome/129.0.0.0 Safari/537.36"
[Wed Oct 16 2024 12:18:36 GMT-0700 (Pacific Daylight Time)]  "GET /fundo%20teste-1.9565173a46901624.png" "Mozilla/5.0 (Windows NT 10.0; Win64; x64) AppleWebKit/537.36 (KHTML, like Gecko) Chrome/129.0.0.0 Safari/537.36"
[Wed Oct 16 2024 12:21:01 GMT-0700 (Pacific Daylight Time)]  "GET /" "Mozilla/5.0 (Windows NT 10.0; Win64; x64) AppleWebKit/537.36 (KHTML, like Gecko) Chrome/130.0.0.0 Safari/537.36"
[Wed Oct 16 2024 12:21:01 GMT-0700 (Pacific Daylight Time)]  "GET /styles.abbd11a33208ccfc.css" "Mozilla/5.0 (Windows NT 10.0; Win64; x64) AppleWebKit/537.36 (KHTML, like Gecko) Chrome/130.0.0.0 Safari/537.36"
[Wed Oct 16 2024 12:21:01 GMT-0700 (Pacific Daylight Time)]  "GET /runtime.683d0bae610b814a.js" "Mozilla/5.0 (Windows NT 10.0; Win64; x64) AppleWebKit/537.36 (KHTML, like Gecko) Chrome/130.0.0.0 Safari/537.36"
[Wed Oct 16 2024 12:21:01 GMT-0700 (Pacific Daylight Time)]  "GET /polyfills.c8137c8493e64880.js" "Mozilla/5.0 (Windows NT 10.0; Win64; x64) AppleWebKit/537.36 (KHTML, like Gecko) Chrome/130.0.0.0 Safari/537.36"
[Wed Oct 16 2024 12:21:01 GMT-0700 (Pacific Daylight Time)]  "GET /main.c01e6c160e751ed0.js" "Mozilla/5.0 (Windows NT 10.0; Win64; x64) AppleWebKit/537.36 (KHTML, like Gecko) Chrome/130.0.0.0 Safari/537.36"
[Wed Oct 16 2024 12:21:02 GMT-0700 (Pacific Daylight Time)]  "GET /assets/imagem/logo%20branca.svg" "Mozilla/5.0 (Windows NT 10.0; Win64; x64) AppleWebKit/537.36 (KHTML, like Gecko) Chrome/130.0.0.0 Safari/537.36"
[Wed Oct 16 2024 12:21:02 GMT-0700 (Pacific Daylight Time)]  "GET /primeicons.ba3f916dfb64be8c.woff2" "Mozilla/5.0 (Windows NT 10.0; Win64; x64) AppleWebKit/537.36 (KHTML, like Gecko) Chrome/130.0.0.0 Safari/537.36"
[Wed Oct 16 2024 13:30:10 GMT-0700 (Pacific Daylight Time)]  "GET /" "Mozilla/5.0 (Windows NT 10.0; Win64; x64) AppleWebKit/537.36 (KHTML, like Gecko) Chrome/130.0.0.0 Safari/537.36"
[Wed Oct 16 2024 13:30:10 GMT-0700 (Pacific Daylight Time)]  "GET /runtime.683d0bae610b814a.js" "Mozilla/5.0 (Windows NT 10.0; Win64; x64) AppleWebKit/537.36 (KHTML, like Gecko) Chrome/130.0.0.0 Safari/537.36"
[Wed Oct 16 2024 13:30:10 GMT-0700 (Pacific Daylight Time)]  "GET /polyfills.c8137c8493e64880.js" "Mozilla/5.0 (Windows NT 10.0; Win64; x64) AppleWebKit/537.36 (KHTML, like Gecko) Chrome/130.0.0.0 Safari/537.36"
[Wed Oct 16 2024 13:30:10 GMT-0700 (Pacific Daylight Time)]  "GET /main.c01e6c160e751ed0.js" "Mozilla/5.0 (Windows NT 10.0; Win64; x64) AppleWebKit/537.36 (KHTML, like Gecko) Chrome/130.0.0.0 Safari/537.36"
[Wed Oct 16 2024 13:30:10 GMT-0700 (Pacific Daylight Time)]  "GET /styles.abbd11a33208ccfc.css" "Mozilla/5.0 (Windows NT 10.0; Win64; x64) AppleWebKit/537.36 (KHTML, like Gecko) Chrome/130.0.0.0 Safari/537.36"
[Wed Oct 16 2024 13:30:11 GMT-0700 (Pacific Daylight Time)]  "GET /assets/imagem/logo%20branca.svg" "Mozilla/5.0 (Windows NT 10.0; Win64; x64) AppleWebKit/537.36 (KHTML, like Gecko) Chrome/130.0.0.0 Safari/537.36"
[Wed Oct 16 2024 13:30:11 GMT-0700 (Pacific Daylight Time)]  "GET /assets/imagem/Logo%20original.svg" "Mozilla/5.0 (Windows NT 10.0; Win64; x64) AppleWebKit/537.36 (KHTML, like Gecko) Chrome/130.0.0.0 Safari/537.36"
[Wed Oct 16 2024 13:30:11 GMT-0700 (Pacific Daylight Time)]  "GET /primeicons.ba3f916dfb64be8c.woff2" "Mozilla/5.0 (Windows NT 10.0; Win64; x64) AppleWebKit/537.36 (KHTML, like Gecko) Chrome/130.0.0.0 Safari/537.36"
[Wed Oct 16 2024 13:30:11 GMT-0700 (Pacific Daylight Time)]  "GET /fundo%20teste-1.9565173a46901624.png" "Mozilla/5.0 (Windows NT 10.0; Win64; x64) AppleWebKit/537.36 (KHTML, like Gecko) Chrome/130.0.0.0 Safari/537.36"
[Wed Oct 16 2024 13:31:26 GMT-0700 (Pacific Daylight Time)]  "GET /" "Mozilla/5.0 (Windows NT 10.0; Win64; x64) AppleWebKit/537.36 (KHTML, like Gecko) Chrome/130.0.0.0 Safari/537.36"
[Wed Oct 16 2024 13:31:28 GMT-0700 (Pacific Daylight Time)]  "GET /runtime.683d0bae610b814a.js" "Mozilla/5.0 (Windows NT 10.0; Win64; x64) AppleWebKit/537.36 (KHTML, like Gecko) Chrome/130.0.0.0 Safari/537.36"
[Wed Oct 16 2024 13:31:28 GMT-0700 (Pacific Daylight Time)]  "GET /polyfills.c8137c8493e64880.js" "Mozilla/5.0 (Windows NT 10.0; Win64; x64) AppleWebKit/537.36 (KHTML, like Gecko) Chrome/130.0.0.0 Safari/537.36"
[Wed Oct 16 2024 13:31:28 GMT-0700 (Pacific Daylight Time)]  "GET /main.c01e6c160e751ed0.js" "Mozilla/5.0 (Windows NT 10.0; Win64; x64) AppleWebKit/537.36 (KHTML, like Gecko) Chrome/130.0.0.0 Safari/537.36"
[Wed Oct 16 2024 13:31:28 GMT-0700 (Pacific Daylight Time)]  "GET /styles.abbd11a33208ccfc.css" "Mozilla/5.0 (Windows NT 10.0; Win64; x64) AppleWebKit/537.36 (KHTML, like Gecko) Chrome/130.0.0.0 Safari/537.36"
[Wed Oct 16 2024 13:31:32 GMT-0700 (Pacific Daylight Time)]  "GET /assets/imagem/logo%20branca.svg" "Mozilla/5.0 (Windows NT 10.0; Win64; x64) AppleWebKit/537.36 (KHTML, like Gecko) Chrome/130.0.0.0 Safari/537.36"
[Wed Oct 16 2024 13:31:32 GMT-0700 (Pacific Daylight Time)]  "GET /primeicons.ba3f916dfb64be8c.woff2" "Mozilla/5.0 (Windows NT 10.0; Win64; x64) AppleWebKit/537.36 (KHTML, like Gecko) Chrome/130.0.0.0 Safari/537.36"
[Thu Oct 17 2024 03:40:45 GMT-0700 (Pacific Daylight Time)]  "GET /" "Mozilla/5.0 (Windows NT 10.0; Win64; x64) AppleWebKit/537.36 (KHTML, like Gecko) Chrome/129.0.0.0 Safari/537.36"
[Thu Oct 17 2024 03:40:46 GMT-0700 (Pacific Daylight Time)]  "GET /runtime.683d0bae610b814a.js" "Mozilla/5.0 (Windows NT 10.0; Win64; x64) AppleWebKit/537.36 (KHTML, like Gecko) Chrome/129.0.0.0 Safari/537.36"
[Thu Oct 17 2024 03:40:46 GMT-0700 (Pacific Daylight Time)]  "GET /polyfills.c8137c8493e64880.js" "Mozilla/5.0 (Windows NT 10.0; Win64; x64) AppleWebKit/537.36 (KHTML, like Gecko) Chrome/129.0.0.0 Safari/537.36"
[Thu Oct 17 2024 03:40:46 GMT-0700 (Pacific Daylight Time)]  "GET /main.c01e6c160e751ed0.js" "Mozilla/5.0 (Windows NT 10.0; Win64; x64) AppleWebKit/537.36 (KHTML, like Gecko) Chrome/129.0.0.0 Safari/537.36"
[Thu Oct 17 2024 03:40:46 GMT-0700 (Pacific Daylight Time)]  "GET /styles.abbd11a33208ccfc.css" "Mozilla/5.0 (Windows NT 10.0; Win64; x64) AppleWebKit/537.36 (KHTML, like Gecko) Chrome/129.0.0.0 Safari/537.36"
[Thu Oct 17 2024 03:40:47 GMT-0700 (Pacific Daylight Time)]  "GET /assets/imagem/logo%20branca.svg" "Mozilla/5.0 (Windows NT 10.0; Win64; x64) AppleWebKit/537.36 (KHTML, like Gecko) Chrome/129.0.0.0 Safari/537.36"
[Thu Oct 17 2024 03:40:47 GMT-0700 (Pacific Daylight Time)]  "GET /primeicons.ba3f916dfb64be8c.woff2" "Mozilla/5.0 (Windows NT 10.0; Win64; x64) AppleWebKit/537.36 (KHTML, like Gecko) Chrome/129.0.0.0 Safari/537.36"
[Thu Oct 17 2024 03:40:47 GMT-0700 (Pacific Daylight Time)]  "GET /assets/imagem/Logo%20original.svg" "Mozilla/5.0 (Windows NT 10.0; Win64; x64) AppleWebKit/537.36 (KHTML, like Gecko) Chrome/129.0.0.0 Safari/537.36"
[Thu Oct 17 2024 03:40:47 GMT-0700 (Pacific Daylight Time)]  "GET /fundo%20teste-1.9565173a46901624.png" "Mozilla/5.0 (Windows NT 10.0; Win64; x64) AppleWebKit/537.36 (KHTML, like Gecko) Chrome/129.0.0.0 Safari/537.36"
[Thu Oct 17 2024 04:51:55 GMT-0700 (Pacific Daylight Time)]  "GET /dashboard" "Mozilla/5.0 (Windows NT 10.0; Win64; x64) AppleWebKit/537.36 (KHTML, like Gecko) Chrome/130.0.0.0 Safari/537.36"
[Thu Oct 17 2024 04:51:55 GMT-0700 (Pacific Daylight Time)]  "GET /dashboard" Error (404): "Not found"
[Thu Oct 17 2024 04:52:00 GMT-0700 (Pacific Daylight Time)]  "GET /dashboard" "Mozilla/5.0 (Windows NT 10.0; Win64; x64) AppleWebKit/537.36 (KHTML, like Gecko) Chrome/130.0.0.0 Safari/537.36"
[Thu Oct 17 2024 04:52:00 GMT-0700 (Pacific Daylight Time)]  "GET /dashboard" Error (404): "Not found"
[Thu Oct 17 2024 04:52:16 GMT-0700 (Pacific Daylight Time)]  "GET /" "Mozilla/5.0 (Windows NT 10.0; Win64; x64) AppleWebKit/537.36 (KHTML, like Gecko) Chrome/130.0.0.0 Safari/537.36"
[Thu Oct 17 2024 04:52:18 GMT-0700 (Pacific Daylight Time)]  "GET /runtime.683d0bae610b814a.js" "Mozilla/5.0 (Windows NT 10.0; Win64; x64) AppleWebKit/537.36 (KHTML, like Gecko) Chrome/130.0.0.0 Safari/537.36"
[Thu Oct 17 2024 04:52:18 GMT-0700 (Pacific Daylight Time)]  "GET /polyfills.c8137c8493e64880.js" "Mozilla/5.0 (Windows NT 10.0; Win64; x64) AppleWebKit/537.36 (KHTML, like Gecko) Chrome/130.0.0.0 Safari/537.36"
[Thu Oct 17 2024 04:52:18 GMT-0700 (Pacific Daylight Time)]  "GET /main.c01e6c160e751ed0.js" "Mozilla/5.0 (Windows NT 10.0; Win64; x64) AppleWebKit/537.36 (KHTML, like Gecko) Chrome/130.0.0.0 Safari/537.36"
[Thu Oct 17 2024 04:52:18 GMT-0700 (Pacific Daylight Time)]  "GET /styles.abbd11a33208ccfc.css" "Mozilla/5.0 (Windows NT 10.0; Win64; x64) AppleWebKit/537.36 (KHTML, like Gecko) Chrome/130.0.0.0 Safari/537.36"
[Thu Oct 17 2024 04:52:19 GMT-0700 (Pacific Daylight Time)]  "GET /assets/imagem/logo%20branca.svg" "Mozilla/5.0 (Windows NT 10.0; Win64; x64) AppleWebKit/537.36 (KHTML, like Gecko) Chrome/130.0.0.0 Safari/537.36"
[Thu Oct 17 2024 04:52:21 GMT-0700 (Pacific Daylight Time)]  "GET /primeicons.ba3f916dfb64be8c.woff2" "Mozilla/5.0 (Windows NT 10.0; Win64; x64) AppleWebKit/537.36 (KHTML, like Gecko) Chrome/130.0.0.0 Safari/537.36"
[Thu Oct 17 2024 04:52:24 GMT-0700 (Pacific Daylight Time)]  "GET /" "Mozilla/5.0 (Windows NT 10.0; Win64; x64) AppleWebKit/537.36 (KHTML, like Gecko) Chrome/130.0.0.0 Safari/537.36"
[Thu Oct 17 2024 04:52:24 GMT-0700 (Pacific Daylight Time)]  "GET /runtime.683d0bae610b814a.js" "Mozilla/5.0 (Windows NT 10.0; Win64; x64) AppleWebKit/537.36 (KHTML, like Gecko) Chrome/130.0.0.0 Safari/537.36"
[Thu Oct 17 2024 04:52:24 GMT-0700 (Pacific Daylight Time)]  "GET /polyfills.c8137c8493e64880.js" "Mozilla/5.0 (Windows NT 10.0; Win64; x64) AppleWebKit/537.36 (KHTML, like Gecko) Chrome/130.0.0.0 Safari/537.36"
[Thu Oct 17 2024 04:52:24 GMT-0700 (Pacific Daylight Time)]  "GET /main.c01e6c160e751ed0.js" "Mozilla/5.0 (Windows NT 10.0; Win64; x64) AppleWebKit/537.36 (KHTML, like Gecko) Chrome/130.0.0.0 Safari/537.36"
[Thu Oct 17 2024 04:52:24 GMT-0700 (Pacific Daylight Time)]  "GET /styles.abbd11a33208ccfc.css" "Mozilla/5.0 (Windows NT 10.0; Win64; x64) AppleWebKit/537.36 (KHTML, like Gecko) Chrome/130.0.0.0 Safari/537.36"
[Thu Oct 17 2024 04:52:25 GMT-0700 (Pacific Daylight Time)]  "GET /assets/imagem/logo%20branca.svg" "Mozilla/5.0 (Windows NT 10.0; Win64; x64) AppleWebKit/537.36 (KHTML, like Gecko) Chrome/130.0.0.0 Safari/537.36"
[Thu Oct 17 2024 04:52:26 GMT-0700 (Pacific Daylight Time)]  "GET /assets/imagem/Logo%20original.svg" "Mozilla/5.0 (Windows NT 10.0; Win64; x64) AppleWebKit/537.36 (KHTML, like Gecko) Chrome/130.0.0.0 Safari/537.36"
[Thu Oct 17 2024 04:52:26 GMT-0700 (Pacific Daylight Time)]  "GET /primeicons.ba3f916dfb64be8c.woff2" "Mozilla/5.0 (Windows NT 10.0; Win64; x64) AppleWebKit/537.36 (KHTML, like Gecko) Chrome/130.0.0.0 Safari/537.36"
[Thu Oct 17 2024 04:52:26 GMT-0700 (Pacific Daylight Time)]  "GET /fundo%20teste-1.9565173a46901624.png" "Mozilla/5.0 (Windows NT 10.0; Win64; x64) AppleWebKit/537.36 (KHTML, like Gecko) Chrome/130.0.0.0 Safari/537.36"
[Thu Oct 17 2024 04:53:53 GMT-0700 (Pacific Daylight Time)]  "GET /common.66bb9ee73f84fc2f.js" "Mozilla/5.0 (Windows NT 10.0; Win64; x64) AppleWebKit/537.36 (KHTML, like Gecko) Chrome/130.0.0.0 Safari/537.36"
[Thu Oct 17 2024 04:53:53 GMT-0700 (Pacific Daylight Time)]  "GET /839.6fe7d08b566717f3.js" "Mozilla/5.0 (Windows NT 10.0; Win64; x64) AppleWebKit/537.36 (KHTML, like Gecko) Chrome/130.0.0.0 Safari/537.36"
[Thu Oct 17 2024 04:53:57 GMT-0700 (Pacific Daylight Time)]  "GET /assets/imagem/Logo%20original.svg" "Mozilla/5.0 (Windows NT 10.0; Win64; x64) AppleWebKit/537.36 (KHTML, like Gecko) Chrome/130.0.0.0 Safari/537.36"
[Thu Oct 17 2024 04:54:16 GMT-0700 (Pacific Daylight Time)]  "GET /400.8e393a1b4af24b93.js" "Mozilla/5.0 (Windows NT 10.0; Win64; x64) AppleWebKit/537.36 (KHTML, like Gecko) Chrome/130.0.0.0 Safari/537.36"
[Thu Oct 17 2024 05:20:41 GMT-0700 (Pacific Daylight Time)]  "GET /moldes" "Mozilla/5.0 (Windows NT 10.0; Win64; x64) AppleWebKit/537.36 (KHTML, like Gecko) Chrome/130.0.0.0 Safari/537.36"
[Thu Oct 17 2024 05:20:41 GMT-0700 (Pacific Daylight Time)]  "GET /moldes" Error (404): "Not found"
[Thu Oct 17 2024 05:20:46 GMT-0700 (Pacific Daylight Time)]  "GET /moldes" "Mozilla/5.0 (Windows NT 10.0; Win64; x64) AppleWebKit/537.36 (KHTML, like Gecko) Chrome/130.0.0.0 Safari/537.36"
[Thu Oct 17 2024 05:20:46 GMT-0700 (Pacific Daylight Time)]  "GET /moldes" Error (404): "Not found"
[Thu Oct 17 2024 05:20:50 GMT-0700 (Pacific Daylight Time)]  "GET /empresas" "Mozilla/5.0 (Windows NT 10.0; Win64; x64) AppleWebKit/537.36 (KHTML, like Gecko) Chrome/130.0.0.0 Safari/537.36"
[Thu Oct 17 2024 05:20:50 GMT-0700 (Pacific Daylight Time)]  "GET /empresas" Error (404): "Not found"
[Thu Oct 17 2024 05:21:16 GMT-0700 (Pacific Daylight Time)]  "GET /fundo%20teste-1.9565173a46901624.png" "Mozilla/5.0 (Windows NT 10.0; Win64; x64) AppleWebKit/537.36 (KHTML, like Gecko) Chrome/130.0.0.0 Safari/537.36"
[Thu Oct 17 2024 05:54:44 GMT-0700 (Pacific Daylight Time)]  "GET /common.66bb9ee73f84fc2f.js" "Mozilla/5.0 (Windows NT 10.0; Win64; x64) AppleWebKit/537.36 (KHTML, like Gecko) Chrome/130.0.0.0 Safari/537.36"
[Thu Oct 17 2024 05:54:44 GMT-0700 (Pacific Daylight Time)]  "GET /839.6fe7d08b566717f3.js" "Mozilla/5.0 (Windows NT 10.0; Win64; x64) AppleWebKit/537.36 (KHTML, like Gecko) Chrome/130.0.0.0 Safari/537.36"
[Thu Oct 17 2024 06:44:27 GMT-0700 (Pacific Daylight Time)]  "GET /707.0ef9e0a2caa7366c.js" "Mozilla/5.0 (Windows NT 10.0; Win64; x64) AppleWebKit/537.36 (KHTML, like Gecko) Chrome/130.0.0.0 Safari/537.36"
[Thu Oct 17 2024 06:45:22 GMT-0700 (Pacific Daylight Time)]  "GET /atributos" "Mozilla/5.0 (Windows NT 10.0; Win64; x64) AppleWebKit/537.36 (KHTML, like Gecko) Chrome/130.0.0.0 Safari/537.36"
[Thu Oct 17 2024 06:45:22 GMT-0700 (Pacific Daylight Time)]  "GET /atributos" Error (404): "Not found"
[Thu Oct 17 2024 06:45:28 GMT-0700 (Pacific Daylight Time)]  "GET /atributos" "Mozilla/5.0 (Windows NT 10.0; Win64; x64) AppleWebKit/537.36 (KHTML, like Gecko) Chrome/130.0.0.0 Safari/537.36"
[Thu Oct 17 2024 06:45:28 GMT-0700 (Pacific Daylight Time)]  "GET /atributos" Error (404): "Not found"
[Thu Oct 17 2024 06:45:32 GMT-0700 (Pacific Daylight Time)]  "GET /ng-cli-ws" "Mozilla/5.0 (Windows NT 10.0; Win64; x64) AppleWebKit/537.36 (KHTML, like Gecko) Chrome/130.0.0.0 Safari/537.36"
[Thu Oct 17 2024 06:45:32 GMT-0700 (Pacific Daylight Time)]  "GET /ng-cli-ws" Error (404): "Not found"
[Thu Oct 17 2024 06:45:33 GMT-0700 (Pacific Daylight Time)]  "GET /ng-cli-ws" "Mozilla/5.0 (Windows NT 10.0; Win64; x64) AppleWebKit/537.36 (KHTML, like Gecko) Chrome/130.0.0.0 Safari/537.36"
[Thu Oct 17 2024 06:45:33 GMT-0700 (Pacific Daylight Time)]  "GET /ng-cli-ws" Error (404): "Not found"
[Thu Oct 17 2024 06:45:35 GMT-0700 (Pacific Daylight Time)]  "GET /assets/imagem/Logo%20original.svg" "Mozilla/5.0 (Windows NT 10.0; Win64; x64) AppleWebKit/537.36 (KHTML, like Gecko) Chrome/130.0.0.0 Safari/537.36"
[Thu Oct 17 2024 06:45:36 GMT-0700 (Pacific Daylight Time)]  "GET /ng-cli-ws" "Mozilla/5.0 (Windows NT 10.0; Win64; x64) AppleWebKit/537.36 (KHTML, like Gecko) Chrome/130.0.0.0 Safari/537.36"
[Thu Oct 17 2024 06:45:36 GMT-0700 (Pacific Daylight Time)]  "GET /ng-cli-ws" Error (404): "Not found"
[Thu Oct 17 2024 06:45:37 GMT-0700 (Pacific Daylight Time)]  "GET /common.js" "Mozilla/5.0 (Windows NT 10.0; Win64; x64) AppleWebKit/537.36 (KHTML, like Gecko) Chrome/130.0.0.0 Safari/537.36"
[Thu Oct 17 2024 06:45:37 GMT-0700 (Pacific Daylight Time)]  "GET /common.js" Error (404): "Not found"
[Thu Oct 17 2024 06:45:37 GMT-0700 (Pacific Daylight Time)]  "GET /src_app_pages_empresas_empresa_module_ts.js" "Mozilla/5.0 (Windows NT 10.0; Win64; x64) AppleWebKit/537.36 (KHTML, like Gecko) Chrome/130.0.0.0 Safari/537.36"
[Thu Oct 17 2024 06:45:37 GMT-0700 (Pacific Daylight Time)]  "GET /src_app_pages_empresas_empresa_module_ts.js" Error (404): "Not found"
[Thu Oct 17 2024 06:45:40 GMT-0700 (Pacific Daylight Time)]  "GET /ng-cli-ws" "Mozilla/5.0 (Windows NT 10.0; Win64; x64) AppleWebKit/537.36 (KHTML, like Gecko) Chrome/130.0.0.0 Safari/537.36"
[Thu Oct 17 2024 06:45:40 GMT-0700 (Pacific Daylight Time)]  "GET /ng-cli-ws" Error (404): "Not found"
[Thu Oct 17 2024 06:45:45 GMT-0700 (Pacific Daylight Time)]  "GET /styles.css" "Mozilla/5.0 (Windows NT 10.0; Win64; x64) AppleWebKit/537.36 (KHTML, like Gecko) Chrome/130.0.0.0 Safari/537.36"
[Thu Oct 17 2024 06:45:45 GMT-0700 (Pacific Daylight Time)]  "GET /styles.css" Error (404): "Not found"
[Thu Oct 17 2024 06:45:47 GMT-0700 (Pacific Daylight Time)]  "GET /runtime.js.map" "Mozilla/5.0 (Windows NT 10.0; Win64; x64) AppleWebKit/537.36 (KHTML, like Gecko) Chrome/130.0.0.0 Safari/537.36"
[Thu Oct 17 2024 06:45:47 GMT-0700 (Pacific Daylight Time)]  "GET /runtime.js.map" Error (404): "Not found"
[Thu Oct 17 2024 06:45:47 GMT-0700 (Pacific Daylight Time)]  "GET /main.js.map" "Mozilla/5.0 (Windows NT 10.0; Win64; x64) AppleWebKit/537.36 (KHTML, like Gecko) Chrome/130.0.0.0 Safari/537.36"
[Thu Oct 17 2024 06:45:47 GMT-0700 (Pacific Daylight Time)]  "GET /main.js.map" Error (404): "Not found"
[Thu Oct 17 2024 06:45:47 GMT-0700 (Pacific Daylight Time)]  "GET /polyfills.js.map" "Mozilla/5.0 (Windows NT 10.0; Win64; x64) AppleWebKit/537.36 (KHTML, like Gecko) Chrome/130.0.0.0 Safari/537.36"
[Thu Oct 17 2024 06:45:47 GMT-0700 (Pacific Daylight Time)]  "GET /polyfills.js.map" Error (404): "Not found"
[Thu Oct 17 2024 06:45:47 GMT-0700 (Pacific Daylight Time)]  "GET /styles.js.map" "Mozilla/5.0 (Windows NT 10.0; Win64; x64) AppleWebKit/537.36 (KHTML, like Gecko) Chrome/130.0.0.0 Safari/537.36"
[Thu Oct 17 2024 06:45:47 GMT-0700 (Pacific Daylight Time)]  "GET /styles.js.map" Error (404): "Not found"
[Thu Oct 17 2024 06:45:47 GMT-0700 (Pacific Daylight Time)]  "GET /vendor.js.map" "Mozilla/5.0 (Windows NT 10.0; Win64; x64) AppleWebKit/537.36 (KHTML, like Gecko) Chrome/130.0.0.0 Safari/537.36"
[Thu Oct 17 2024 06:45:47 GMT-0700 (Pacific Daylight Time)]  "GET /vendor.js.map" Error (404): "Not found"
[Thu Oct 17 2024 06:45:49 GMT-0700 (Pacific Daylight Time)]  "GET /ng-cli-ws" "Mozilla/5.0 (Windows NT 10.0; Win64; x64) AppleWebKit/537.36 (KHTML, like Gecko) Chrome/130.0.0.0 Safari/537.36"
[Thu Oct 17 2024 06:45:49 GMT-0700 (Pacific Daylight Time)]  "GET /ng-cli-ws" Error (404): "Not found"
[Thu Oct 17 2024 06:45:55 GMT-0700 (Pacific Daylight Time)]  "GET /src_app_pages_produto_produto_module_ts.js" "Mozilla/5.0 (Windows NT 10.0; Win64; x64) AppleWebKit/537.36 (KHTML, like Gecko) Chrome/130.0.0.0 Safari/537.36"
[Thu Oct 17 2024 06:45:55 GMT-0700 (Pacific Daylight Time)]  "GET /src_app_pages_produto_produto_module_ts.js" Error (404): "Not found"
[Thu Oct 17 2024 06:46:05 GMT-0700 (Pacific Daylight Time)]  "GET /ng-cli-ws" "Mozilla/5.0 (Windows NT 10.0; Win64; x64) AppleWebKit/537.36 (KHTML, like Gecko) Chrome/130.0.0.0 Safari/537.36"
[Thu Oct 17 2024 06:46:05 GMT-0700 (Pacific Daylight Time)]  "GET /ng-cli-ws" Error (404): "Not found"
[Thu Oct 17 2024 06:46:38 GMT-0700 (Pacific Daylight Time)]  "GET /ng-cli-ws" "Mozilla/5.0 (Windows NT 10.0; Win64; x64) AppleWebKit/537.36 (KHTML, like Gecko) Chrome/130.0.0.0 Safari/537.36"
[Thu Oct 17 2024 06:46:38 GMT-0700 (Pacific Daylight Time)]  "GET /ng-cli-ws" Error (404): "Not found"
[Thu Oct 17 2024 06:47:30 GMT-0700 (Pacific Daylight Time)]  "GET /src_app_pages_usuario_usuario_module_ts.js" "Mozilla/5.0 (Windows NT 10.0; Win64; x64) AppleWebKit/537.36 (KHTML, like Gecko) Chrome/130.0.0.0 Safari/537.36"
[Thu Oct 17 2024 06:47:30 GMT-0700 (Pacific Daylight Time)]  "GET /src_app_pages_usuario_usuario_module_ts.js" Error (404): "Not found"
[Thu Oct 17 2024 06:47:42 GMT-0700 (Pacific Daylight Time)]  "GET /ng-cli-ws" "Mozilla/5.0 (Windows NT 10.0; Win64; x64) AppleWebKit/537.36 (KHTML, like Gecko) Chrome/130.0.0.0 Safari/537.36"
[Thu Oct 17 2024 06:47:42 GMT-0700 (Pacific Daylight Time)]  "GET /ng-cli-ws" Error (404): "Not found"
[Thu Oct 17 2024 06:48:04 GMT-0700 (Pacific Daylight Time)]  "GET /src_app_pages_molde_molde_module_ts.js" "Mozilla/5.0 (Windows NT 10.0; Win64; x64) AppleWebKit/537.36 (KHTML, like Gecko) Chrome/130.0.0.0 Safari/537.36"
[Thu Oct 17 2024 06:48:04 GMT-0700 (Pacific Daylight Time)]  "GET /src_app_pages_molde_molde_module_ts.js" Error (404): "Not found"
[Thu Oct 17 2024 06:48:21 GMT-0700 (Pacific Daylight Time)]  "GET /src_app_pages_atributos_atributo_module_ts.js" "Mozilla/5.0 (Windows NT 10.0; Win64; x64) AppleWebKit/537.36 (KHTML, like Gecko) Chrome/130.0.0.0 Safari/537.36"
[Thu Oct 17 2024 06:48:21 GMT-0700 (Pacific Daylight Time)]  "GET /src_app_pages_atributos_atributo_module_ts.js" Error (404): "Not found"
[Thu Oct 17 2024 06:48:27 GMT-0700 (Pacific Daylight Time)]  "GET /src_app_pages_maquina_maquina_module_ts.js" "Mozilla/5.0 (Windows NT 10.0; Win64; x64) AppleWebKit/537.36 (KHTML, like Gecko) Chrome/130.0.0.0 Safari/537.36"
[Thu Oct 17 2024 06:48:27 GMT-0700 (Pacific Daylight Time)]  "GET /src_app_pages_maquina_maquina_module_ts.js" Error (404): "Not found"
[Thu Oct 17 2024 06:48:36 GMT-0700 (Pacific Daylight Time)]  "GET /dashboard" "Mozilla/5.0 (Windows NT 10.0; Win64; x64) AppleWebKit/537.36 (KHTML, like Gecko) Chrome/130.0.0.0 Safari/537.36"
[Thu Oct 17 2024 06:48:36 GMT-0700 (Pacific Daylight Time)]  "GET /dashboard" Error (404): "Not found"
[Thu Oct 17 2024 06:48:47 GMT-0700 (Pacific Daylight Time)]  "GET /" "Mozilla/5.0 (Windows NT 10.0; Win64; x64) AppleWebKit/537.36 (KHTML, like Gecko) Chrome/130.0.0.0 Safari/537.36"
[Thu Oct 17 2024 06:48:48 GMT-0700 (Pacific Daylight Time)]  "GET /runtime.683d0bae610b814a.js" "Mozilla/5.0 (Windows NT 10.0; Win64; x64) AppleWebKit/537.36 (KHTML, like Gecko) Chrome/130.0.0.0 Safari/537.36"
[Thu Oct 17 2024 06:48:48 GMT-0700 (Pacific Daylight Time)]  "GET /polyfills.c8137c8493e64880.js" "Mozilla/5.0 (Windows NT 10.0; Win64; x64) AppleWebKit/537.36 (KHTML, like Gecko) Chrome/130.0.0.0 Safari/537.36"
[Thu Oct 17 2024 06:48:48 GMT-0700 (Pacific Daylight Time)]  "GET /main.c01e6c160e751ed0.js" "Mozilla/5.0 (Windows NT 10.0; Win64; x64) AppleWebKit/537.36 (KHTML, like Gecko) Chrome/130.0.0.0 Safari/537.36"
[Thu Oct 17 2024 06:48:48 GMT-0700 (Pacific Daylight Time)]  "GET /styles.abbd11a33208ccfc.css" "Mozilla/5.0 (Windows NT 10.0; Win64; x64) AppleWebKit/537.36 (KHTML, like Gecko) Chrome/130.0.0.0 Safari/537.36"
[Thu Oct 17 2024 06:48:50 GMT-0700 (Pacific Daylight Time)]  "GET /assets/imagem/logo%20branca.svg" "Mozilla/5.0 (Windows NT 10.0; Win64; x64) AppleWebKit/537.36 (KHTML, like Gecko) Chrome/130.0.0.0 Safari/537.36"
[Thu Oct 17 2024 06:48:52 GMT-0700 (Pacific Daylight Time)]  "GET /primeicons.ba3f916dfb64be8c.woff2" "Mozilla/5.0 (Windows NT 10.0; Win64; x64) AppleWebKit/537.36 (KHTML, like Gecko) Chrome/130.0.0.0 Safari/537.36"
http-server stopped.

C:\Users\Administrator\Documents\Superprod\superprod-ui-dev>http-server ./dist/superprod-ui -p 4200 
Starting up http-server, serving ./dist/superprod-ui

http-server version: 14.1.1

http-server settings: 
CORS: disabled
Cache: 3600 seconds
Connection Timeout: 120 seconds
Directory Listings: visible
AutoIndex: visible
Serve GZIP Files: false
Serve Brotli Files: false
Default File Extension: none

Available on:
  http://192.168.90.80:4200
  http://127.0.0.1:4200
Hit CTRL-C to stop the server

[Thu Oct 17 2024 07:19:09 GMT-0700 (Pacific Daylight Time)]  "GET /239.d084c0ee0ab31414.js" "Mozilla/5.0 (Windows NT 10.0; Win64; x64) AppleWebKit/537.36 (KHTML, like Gecko) Chrome/130.0.0.0 Safari/537.36"
(node:4132) [DEP0066] DeprecationWarning: OutgoingMessage.prototype._headers is deprecated
(Use `node --trace-deprecation ...` to show where the warning was created)
[Thu Oct 17 2024 07:19:09 GMT-0700 (Pacific Daylight Time)]  "GET /common.66bb9ee73f84fc2f.js" "Mozilla/5.0 (Windows NT 10.0; Win64; x64) AppleWebKit/537.36 (KHTML, like Gecko) Chrome/130.0.0.0 Safari/537.36"
[Thu Oct 17 2024 07:23:30 GMT-0700 (Pacific Daylight Time)]  "GET /usuarios" "Mozilla/5.0 (Windows NT 10.0; Win64; x64) AppleWebKit/537.36 (KHTML, like Gecko) Chrome/130.0.0.0 Safari/537.36"
[Thu Oct 17 2024 07:23:30 GMT-0700 (Pacific Daylight Time)]  "GET /usuarios" Error (404): "Not found"
[Thu Oct 17 2024 07:23:33 GMT-0700 (Pacific Daylight Time)]  "GET /usuarios" "Mozilla/5.0 (Windows NT 10.0; Win64; x64) AppleWebKit/537.36 (KHTML, like Gecko) Chrome/130.0.0.0 Safari/537.36"
[Thu Oct 17 2024 07:23:33 GMT-0700 (Pacific Daylight Time)]  "GET /usuarios" Error (404): "Not found"
[Thu Oct 17 2024 07:23:40 GMT-0700 (Pacific Daylight Time)]  "GET /dashboard" "Mozilla/5.0 (Windows NT 10.0; Win64; x64) AppleWebKit/537.36 (KHTML, like Gecko) Chrome/130.0.0.0 Safari/537.36"
[Thu Oct 17 2024 07:23:40 GMT-0700 (Pacific Daylight Time)]  "GET /dashboard" Error (404): "Not found"
[Thu Oct 17 2024 07:23:49 GMT-0700 (Pacific Daylight Time)]  "GET /839.6fe7d08b566717f3.js" "Mozilla/5.0 (Windows NT 10.0; Win64; x64) AppleWebKit/537.36 (KHTML, like Gecko) Chrome/130.0.0.0 Safari/537.36"
[Thu Oct 17 2024 07:24:34 GMT-0700 (Pacific Daylight Time)]  "GET /assets/imagem/logo%20branca.svg" "Mozilla/5.0 (Windows NT 10.0; Win64; x64) AppleWebKit/537.36 (KHTML, like Gecko) Chrome/129.0.0.0 Safari/537.36"
[Thu Oct 17 2024 07:24:45 GMT-0700 (Pacific Daylight Time)]  "GET /common.66bb9ee73f84fc2f.js" "Mozilla/5.0 (Windows NT 10.0; Win64; x64) AppleWebKit/537.36 (KHTML, like Gecko) Chrome/129.0.0.0 Safari/537.36"
[Thu Oct 17 2024 07:24:45 GMT-0700 (Pacific Daylight Time)]  "GET /839.6fe7d08b566717f3.js" "Mozilla/5.0 (Windows NT 10.0; Win64; x64) AppleWebKit/537.36 (KHTML, like Gecko) Chrome/129.0.0.0 Safari/537.36"
[Thu Oct 17 2024 07:24:52 GMT-0700 (Pacific Daylight Time)]  "GET /239.d084c0ee0ab31414.js" "Mozilla/5.0 (Windows NT 10.0; Win64; x64) AppleWebKit/537.36 (KHTML, like Gecko) Chrome/129.0.0.0 Safari/537.36"
[Thu Oct 17 2024 07:25:49 GMT-0700 (Pacific Daylight Time)]  "GET /usuarios" "Mozilla/5.0 (Windows NT 10.0; Win64; x64) AppleWebKit/537.36 (KHTML, like Gecko) Chrome/129.0.0.0 Safari/537.36"
[Thu Oct 17 2024 07:25:49 GMT-0700 (Pacific Daylight Time)]  "GET /usuarios" Error (404): "Not found"
[Thu Oct 17 2024 07:25:54 GMT-0700 (Pacific Daylight Time)]  "GET /usuarios" "Mozilla/5.0 (Windows NT 10.0; Win64; x64) AppleWebKit/537.36 (KHTML, like Gecko) Chrome/129.0.0.0 Safari/537.36"
[Thu Oct 17 2024 07:25:54 GMT-0700 (Pacific Daylight Time)]  "GET /usuarios" Error (404): "Not found"
[Thu Oct 17 2024 07:25:56 GMT-0700 (Pacific Daylight Time)]  "GET /empresas" "Mozilla/5.0 (Windows NT 10.0; Win64; x64) AppleWebKit/537.36 (KHTML, like Gecko) Chrome/129.0.0.0 Safari/537.36"
[Thu Oct 17 2024 07:25:56 GMT-0700 (Pacific Daylight Time)]  "GET /empresas" Error (404): "Not found"
[Thu Oct 17 2024 07:25:56 GMT-0700 (Pacific Daylight Time)]  "GET /dashboard" "Mozilla/5.0 (Windows NT 10.0; Win64; x64) AppleWebKit/537.36 (KHTML, like Gecko) Chrome/129.0.0.0 Safari/537.36"
[Thu Oct 17 2024 07:25:56 GMT-0700 (Pacific Daylight Time)]  "GET /dashboard" Error (404): "Not found"
[Thu Oct 17 2024 07:25:57 GMT-0700 (Pacific Daylight Time)]  "GET /styles.css.map" "Mozilla/5.0 (Windows NT 10.0; Win64; x64) AppleWebKit/537.36 (KHTML, like Gecko) Chrome/129.0.0.0 Safari/537.36"
[Thu Oct 17 2024 07:25:57 GMT-0700 (Pacific Daylight Time)]  "GET /styles.css.map" Error (404): "Not found"
[Thu Oct 17 2024 07:25:57 GMT-0700 (Pacific Daylight Time)]  "GET /polyfills.js.map" "Mozilla/5.0 (Windows NT 10.0; Win64; x64) AppleWebKit/537.36 (KHTML, like Gecko) Chrome/129.0.0.0 Safari/537.36"
[Thu Oct 17 2024 07:25:57 GMT-0700 (Pacific Daylight Time)]  "GET /runtime.js.map" "Mozilla/5.0 (Windows NT 10.0; Win64; x64) AppleWebKit/537.36 (KHTML, like Gecko) Chrome/129.0.0.0 Safari/537.36"
[Thu Oct 17 2024 07:25:57 GMT-0700 (Pacific Daylight Time)]  "GET /polyfills.js.map" Error (404): "Not found"
[Thu Oct 17 2024 07:25:57 GMT-0700 (Pacific Daylight Time)]  "GET /runtime.js.map" Error (404): "Not found"
[Thu Oct 17 2024 07:25:57 GMT-0700 (Pacific Daylight Time)]  "GET /ng-cli-ws" "Mozilla/5.0 (Windows NT 10.0; Win64; x64) AppleWebKit/537.36 (KHTML, like Gecko) Chrome/129.0.0.0 Safari/537.36"
[Thu Oct 17 2024 07:25:57 GMT-0700 (Pacific Daylight Time)]  "GET /ng-cli-ws" Error (404): "Not found"
[Thu Oct 17 2024 07:25:57 GMT-0700 (Pacific Daylight Time)]  "GET /main.js.map" "Mozilla/5.0 (Windows NT 10.0; Win64; x64) AppleWebKit/537.36 (KHTML, like Gecko) Chrome/129.0.0.0 Safari/537.36"
[Thu Oct 17 2024 07:25:57 GMT-0700 (Pacific Daylight Time)]  "GET /styles.js.map" "Mozilla/5.0 (Windows NT 10.0; Win64; x64) AppleWebKit/537.36 (KHTML, like Gecko) Chrome/129.0.0.0 Safari/537.36"
[Thu Oct 17 2024 07:25:57 GMT-0700 (Pacific Daylight Time)]  "GET /main.js.map" Error (404): "Not found"
[Thu Oct 17 2024 07:25:57 GMT-0700 (Pacific Daylight Time)]  "GET /styles.js.map" Error (404): "Not found"
[Thu Oct 17 2024 07:25:57 GMT-0700 (Pacific Daylight Time)]  "GET /vendor.js.map" "Mozilla/5.0 (Windows NT 10.0; Win64; x64) AppleWebKit/537.36 (KHTML, like Gecko) Chrome/129.0.0.0 Safari/537.36"
[Thu Oct 17 2024 07:25:57 GMT-0700 (Pacific Daylight Time)]  "GET /vendor.js.map" Error (404): "Not found"
[Thu Oct 17 2024 07:25:58 GMT-0700 (Pacific Daylight Time)]  "GET /fundo%20teste-1.png" "Mozilla/5.0 (Windows NT 10.0; Win64; x64) AppleWebKit/537.36 (KHTML, like Gecko) Chrome/129.0.0.0 Safari/537.36"
[Thu Oct 17 2024 07:25:58 GMT-0700 (Pacific Daylight Time)]  "GET /fundo%20teste-1.png" Error (404): "Not found"
[Thu Oct 17 2024 07:25:58 GMT-0700 (Pacific Daylight Time)]  "GET /ng-cli-ws" "Mozilla/5.0 (Windows NT 10.0; Win64; x64) AppleWebKit/537.36 (KHTML, like Gecko) Chrome/129.0.0.0 Safari/537.36"
[Thu Oct 17 2024 07:25:58 GMT-0700 (Pacific Daylight Time)]  "GET /ng-cli-ws" Error (404): "Not found"
[Thu Oct 17 2024 07:26:00 GMT-0700 (Pacific Daylight Time)]  "GET /ng-cli-ws" "Mozilla/5.0 (Windows NT 10.0; Win64; x64) AppleWebKit/537.36 (KHTML, like Gecko) Chrome/129.0.0.0 Safari/537.36"
[Thu Oct 17 2024 07:26:00 GMT-0700 (Pacific Daylight Time)]  "GET /ng-cli-ws" Error (404): "Not found"
[Thu Oct 17 2024 07:26:00 GMT-0700 (Pacific Daylight Time)]  "GET /assets/imagem/Logo%20original.svg" "Mozilla/5.0 (Windows NT 10.0; Win64; x64) AppleWebKit/537.36 (KHTML, like Gecko) Chrome/129.0.0.0 Safari/537.36"
[Thu Oct 17 2024 07:26:04 GMT-0700 (Pacific Daylight Time)]  "GET /ng-cli-ws" "Mozilla/5.0 (Windows NT 10.0; Win64; x64) AppleWebKit/537.36 (KHTML, like Gecko) Chrome/129.0.0.0 Safari/537.36"
[Thu Oct 17 2024 07:26:04 GMT-0700 (Pacific Daylight Time)]  "GET /ng-cli-ws" Error (404): "Not found"
[Thu Oct 17 2024 07:26:08 GMT-0700 (Pacific Daylight Time)]  "GET /common.js" "Mozilla/5.0 (Windows NT 10.0; Win64; x64) AppleWebKit/537.36 (KHTML, like Gecko) Chrome/129.0.0.0 Safari/537.36"
[Thu Oct 17 2024 07:26:08 GMT-0700 (Pacific Daylight Time)]  "GET /common.js" Error (404): "Not found"
[Thu Oct 17 2024 07:26:08 GMT-0700 (Pacific Daylight Time)]  "GET /src_app_pages_empresas_empresa_module_ts.js" "Mozilla/5.0 (Windows NT 10.0; Win64; x64) AppleWebKit/537.36 (KHTML, like Gecko) Chrome/129.0.0.0 Safari/537.36"
[Thu Oct 17 2024 07:26:08 GMT-0700 (Pacific Daylight Time)]  "GET /src_app_pages_empresas_empresa_module_ts.js" Error (404): "Not found"
[Thu Oct 17 2024 07:26:12 GMT-0700 (Pacific Daylight Time)]  "GET /ng-cli-ws" "Mozilla/5.0 (Windows NT 10.0; Win64; x64) AppleWebKit/537.36 (KHTML, like Gecko) Chrome/129.0.0.0 Safari/537.36"
[Thu Oct 17 2024 07:26:12 GMT-0700 (Pacific Daylight Time)]  "GET /ng-cli-ws" Error (404): "Not found"
[Thu Oct 17 2024 07:26:15 GMT-0700 (Pacific Daylight Time)]  "GET /src_app_pages_funcionario_funcionario_module_ts.js" "Mozilla/5.0 (Windows NT 10.0; Win64; x64) AppleWebKit/537.36 (KHTML, like Gecko) Chrome/129.0.0.0 Safari/537.36"
[Thu Oct 17 2024 07:26:15 GMT-0700 (Pacific Daylight Time)]  "GET /src_app_pages_funcionario_funcionario_module_ts.js" Error (404): "Not found"
[Thu Oct 17 2024 07:26:29 GMT-0700 (Pacific Daylight Time)]  "GET /ng-cli-ws" "Mozilla/5.0 (Windows NT 10.0; Win64; x64) AppleWebKit/537.36 (KHTML, like Gecko) Chrome/129.0.0.0 Safari/537.36"
[Thu Oct 17 2024 07:26:29 GMT-0700 (Pacific Daylight Time)]  "GET /ng-cli-ws" Error (404): "Not found"
[Thu Oct 17 2024 07:27:01 GMT-0700 (Pacific Daylight Time)]  "GET /ng-cli-ws" "Mozilla/5.0 (Windows NT 10.0; Win64; x64) AppleWebKit/537.36 (KHTML, like Gecko) Chrome/129.0.0.0 Safari/537.36"
[Thu Oct 17 2024 07:27:01 GMT-0700 (Pacific Daylight Time)]  "GET /ng-cli-ws" Error (404): "Not found"
[Thu Oct 17 2024 07:28:06 GMT-0700 (Pacific Daylight Time)]  "GET /ng-cli-ws" "Mozilla/5.0 (Windows NT 10.0; Win64; x64) AppleWebKit/537.36 (KHTML, like Gecko) Chrome/129.0.0.0 Safari/537.36"
[Thu Oct 17 2024 07:28:06 GMT-0700 (Pacific Daylight Time)]  "GET /ng-cli-ws" Error (404): "Not found"
[Thu Oct 17 2024 07:30:15 GMT-0700 (Pacific Daylight Time)]  "GET /ng-cli-ws" "Mozilla/5.0 (Windows NT 10.0; Win64; x64) AppleWebKit/537.36 (KHTML, like Gecko) Chrome/129.0.0.0 Safari/537.36"
[Thu Oct 17 2024 07:30:15 GMT-0700 (Pacific Daylight Time)]  "GET /ng-cli-ws" Error (404): "Not found"
[Thu Oct 17 2024 07:31:36 GMT-0700 (Pacific Daylight Time)]  "GET /src_app_pages_producao_producao_module_ts.js" "Mozilla/5.0 (Windows NT 10.0; Win64; x64) AppleWebKit/537.36 (KHTML, like Gecko) Chrome/129.0.0.0 Safari/537.36"
[Thu Oct 17 2024 07:31:36 GMT-0700 (Pacific Daylight Time)]  "GET /src_app_pages_producao_producao_module_ts.js" Error (404): "Not found"
[Thu Oct 17 2024 07:32:11 GMT-0700 (Pacific Daylight Time)]  "GET /dashboard" "Mozilla/5.0 (Windows NT 10.0; Win64; x64) AppleWebKit/537.36 (KHTML, like Gecko) Chrome/129.0.0.0 Safari/537.36"
[Thu Oct 17 2024 07:32:11 GMT-0700 (Pacific Daylight Time)]  "GET /dashboard" Error (404): "Not found"
[Thu Oct 17 2024 07:32:12 GMT-0700 (Pacific Daylight Time)]  "GET /styles.css.map" "Mozilla/5.0 (Windows NT 10.0; Win64; x64) AppleWebKit/537.36 (KHTML, like Gecko) Chrome/129.0.0.0 Safari/537.36"
[Thu Oct 17 2024 07:32:12 GMT-0700 (Pacific Daylight Time)]  "GET /styles.css.map" Error (404): "Not found"
[Thu Oct 17 2024 07:32:16 GMT-0700 (Pacific Daylight Time)]  "GET /" "Mozilla/5.0 (Windows NT 10.0; Win64; x64) AppleWebKit/537.36 (KHTML, like Gecko) Chrome/129.0.0.0 Safari/537.36"
[Thu Oct 17 2024 07:32:16 GMT-0700 (Pacific Daylight Time)]  "GET /runtime.683d0bae610b814a.js" "Mozilla/5.0 (Windows NT 10.0; Win64; x64) AppleWebKit/537.36 (KHTML, like Gecko) Chrome/129.0.0.0 Safari/537.36"
[Thu Oct 17 2024 07:32:16 GMT-0700 (Pacific Daylight Time)]  "GET /polyfills.c8137c8493e64880.js" "Mozilla/5.0 (Windows NT 10.0; Win64; x64) AppleWebKit/537.36 (KHTML, like Gecko) Chrome/129.0.0.0 Safari/537.36"
[Thu Oct 17 2024 07:32:16 GMT-0700 (Pacific Daylight Time)]  "GET /main.c01e6c160e751ed0.js" "Mozilla/5.0 (Windows NT 10.0; Win64; x64) AppleWebKit/537.36 (KHTML, like Gecko) Chrome/129.0.0.0 Safari/537.36"
[Thu Oct 17 2024 07:32:16 GMT-0700 (Pacific Daylight Time)]  "GET /styles.abbd11a33208ccfc.css" "Mozilla/5.0 (Windows NT 10.0; Win64; x64) AppleWebKit/537.36 (KHTML, like Gecko) Chrome/129.0.0.0 Safari/537.36"
[Thu Oct 17 2024 07:32:16 GMT-0700 (Pacific Daylight Time)]  "GET /assets/imagem/logo%20branca.svg" "Mozilla/5.0 (Windows NT 10.0; Win64; x64) AppleWebKit/537.36 (KHTML, like Gecko) Chrome/129.0.0.0 Safari/537.36"
[Thu Oct 17 2024 07:32:16 GMT-0700 (Pacific Daylight Time)]  "GET /primeicons.ba3f916dfb64be8c.woff2" "Mozilla/5.0 (Windows NT 10.0; Win64; x64) AppleWebKit/537.36 (KHTML, like Gecko) Chrome/129.0.0.0 Safari/537.36"
[Thu Oct 17 2024 07:32:19 GMT-0700 (Pacific Daylight Time)]  "GET /assets/imagem/Logo%20original.svg" "Mozilla/5.0 (Windows NT 10.0; Win64; x64) AppleWebKit/537.36 (KHTML, like Gecko) Chrome/129.0.0.0 Safari/537.36"
[Thu Oct 17 2024 07:32:22 GMT-0700 (Pacific Daylight Time)]  "GET /common.66bb9ee73f84fc2f.js" "Mozilla/5.0 (Windows NT 10.0; Win64; x64) AppleWebKit/537.36 (KHTML, like Gecko) Chrome/129.0.0.0 Safari/537.36"
[Thu Oct 17 2024 07:32:22 GMT-0700 (Pacific Daylight Time)]  "GET /839.6fe7d08b566717f3.js" "Mozilla/5.0 (Windows NT 10.0; Win64; x64) AppleWebKit/537.36 (KHTML, like Gecko) Chrome/129.0.0.0 Safari/537.36"
[Thu Oct 17 2024 07:32:25 GMT-0700 (Pacific Daylight Time)]  "GET /697.e6e8f439b3c18b3c.js" "Mozilla/5.0 (Windows NT 10.0; Win64; x64) AppleWebKit/537.36 (KHTML, like Gecko) Chrome/129.0.0.0 Safari/537.36"
[Thu Oct 17 2024 07:43:33 GMT-0700 (Pacific Daylight Time)]  "GET /dashboard" "Mozilla/5.0 (Windows NT 10.0; Win64; x64) AppleWebKit/537.36 (KHTML, like Gecko) Chrome/129.0.0.0 Safari/537.36"
[Thu Oct 17 2024 07:43:33 GMT-0700 (Pacific Daylight Time)]  "GET /dashboard" Error (404): "Not found"
[Thu Oct 17 2024 07:43:40 GMT-0700 (Pacific Daylight Time)]  "GET /producoes" "Mozilla/5.0 (Windows NT 10.0; Win64; x64) AppleWebKit/537.36 (KHTML, like Gecko) Chrome/129.0.0.0 Safari/537.36"
[Thu Oct 17 2024 07:43:40 GMT-0700 (Pacific Daylight Time)]  "GET /producoes" Error (404): "Not found"
[Thu Oct 17 2024 07:43:42 GMT-0700 (Pacific Daylight Time)]  "GET /empresas" "Mozilla/5.0 (Windows NT 10.0; Win64; x64) AppleWebKit/537.36 (KHTML, like Gecko) Chrome/129.0.0.0 Safari/537.36"
[Thu Oct 17 2024 07:43:42 GMT-0700 (Pacific Daylight Time)]  "GET /empresas" Error (404): "Not found"
[Thu Oct 17 2024 07:49:02 GMT-0700 (Pacific Daylight Time)]  "GET /dashboard" "Mozilla/5.0 (Windows NT 10.0; Win64; x64) AppleWebKit/537.36 (KHTML, like Gecko) Chrome/129.0.0.0 Safari/537.36"
[Thu Oct 17 2024 07:49:02 GMT-0700 (Pacific Daylight Time)]  "GET /dashboard" Error (404): "Not found"
[Thu Oct 17 2024 07:49:23 GMT-0700 (Pacific Daylight Time)]  "GET /" "Mozilla/5.0 (Windows NT 10.0; Win64; x64) AppleWebKit/537.36 (KHTML, like Gecko) Chrome/130.0.0.0 Safari/537.36"
[Thu Oct 17 2024 07:49:23 GMT-0700 (Pacific Daylight Time)]  "GET /main.f27232e5a4f2733b.js" "Mozilla/5.0 (Windows NT 10.0; Win64; x64) AppleWebKit/537.36 (KHTML, like Gecko) Chrome/130.0.0.0 Safari/537.36"
[Thu Oct 17 2024 07:49:23 GMT-0700 (Pacific Daylight Time)]  "GET /runtime.683d0bae610b814a.js" "Mozilla/5.0 (Windows NT 10.0; Win64; x64) AppleWebKit/537.36 (KHTML, like Gecko) Chrome/130.0.0.0 Safari/537.36"
[Thu Oct 17 2024 07:49:23 GMT-0700 (Pacific Daylight Time)]  "GET /polyfills.c8137c8493e64880.js" "Mozilla/5.0 (Windows NT 10.0; Win64; x64) AppleWebKit/537.36 (KHTML, like Gecko) Chrome/130.0.0.0 Safari/537.36"
[Thu Oct 17 2024 07:49:23 GMT-0700 (Pacific Daylight Time)]  "GET /styles.abbd11a33208ccfc.css" "Mozilla/5.0 (Windows NT 10.0; Win64; x64) AppleWebKit/537.36 (KHTML, like Gecko) Chrome/130.0.0.0 Safari/537.36"
[Thu Oct 17 2024 07:49:24 GMT-0700 (Pacific Daylight Time)]  "GET /assets/imagem/logo%20branca.svg" "Mozilla/5.0 (Windows NT 10.0; Win64; x64) AppleWebKit/537.36 (KHTML, like Gecko) Chrome/130.0.0.0 Safari/537.36"
[Thu Oct 17 2024 07:49:24 GMT-0700 (Pacific Daylight Time)]  "GET /primeicons.ba3f916dfb64be8c.woff2" "Mozilla/5.0 (Windows NT 10.0; Win64; x64) AppleWebKit/537.36 (KHTML, like Gecko) Chrome/130.0.0.0 Safari/537.36"
[Thu Oct 17 2024 07:50:11 GMT-0700 (Pacific Daylight Time)]  "GET /" "Mozilla/5.0 (Windows NT 10.0; Win64; x64) AppleWebKit/537.36 (KHTML, like Gecko) Chrome/130.0.0.0 Safari/537.36"
[Thu Oct 17 2024 07:50:11 GMT-0700 (Pacific Daylight Time)]  "GET /styles.abbd11a33208ccfc.css" "Mozilla/5.0 (Windows NT 10.0; Win64; x64) AppleWebKit/537.36 (KHTML, like Gecko) Chrome/130.0.0.0 Safari/537.36"
[Thu Oct 17 2024 07:50:11 GMT-0700 (Pacific Daylight Time)]  "GET /main.f27232e5a4f2733b.js" "Mozilla/5.0 (Windows NT 10.0; Win64; x64) AppleWebKit/537.36 (KHTML, like Gecko) Chrome/130.0.0.0 Safari/537.36"
[Thu Oct 17 2024 07:50:11 GMT-0700 (Pacific Daylight Time)]  "GET /runtime.683d0bae610b814a.js" "Mozilla/5.0 (Windows NT 10.0; Win64; x64) AppleWebKit/537.36 (KHTML, like Gecko) Chrome/130.0.0.0 Safari/537.36"
[Thu Oct 17 2024 07:50:11 GMT-0700 (Pacific Daylight Time)]  "GET /polyfills.c8137c8493e64880.js" "Mozilla/5.0 (Windows NT 10.0; Win64; x64) AppleWebKit/537.36 (KHTML, like Gecko) Chrome/130.0.0.0 Safari/537.36"
[Thu Oct 17 2024 07:50:12 GMT-0700 (Pacific Daylight Time)]  "GET /assets/imagem/logo%20branca.svg" "Mozilla/5.0 (Windows NT 10.0; Win64; x64) AppleWebKit/537.36 (KHTML, like Gecko) Chrome/130.0.0.0 Safari/537.36"
[Thu Oct 17 2024 07:50:12 GMT-0700 (Pacific Daylight Time)]  "GET /primeicons.ba3f916dfb64be8c.woff2" "Mozilla/5.0 (Windows NT 10.0; Win64; x64) AppleWebKit/537.36 (KHTML, like Gecko) Chrome/130.0.0.0 Safari/537.36"
[Thu Oct 17 2024 07:50:12 GMT-0700 (Pacific Daylight Time)]  "GET /assets/imagem/Logo%20original.svg" "Mozilla/5.0 (Windows NT 10.0; Win64; x64) AppleWebKit/537.36 (KHTML, like Gecko) Chrome/130.0.0.0 Safari/537.36"
[Thu Oct 17 2024 07:50:12 GMT-0700 (Pacific Daylight Time)]  "GET /fundo%20teste-1.9565173a46901624.png" "Mozilla/5.0 (Windows NT 10.0; Win64; x64) AppleWebKit/537.36 (KHTML, like Gecko) Chrome/130.0.0.0 Safari/537.36"
http-server stopped.

C:\Users\Administrator\Documents\Superprod\superprod-ui-dev>http-server ./dist/superprod-ui -p 4200 
Starting up http-server, serving ./dist/superprod-ui

http-server version: 14.1.1

http-server settings: 
CORS: disabled
Cache: 3600 seconds
Connection Timeout: 120 seconds
Directory Listings: visible
AutoIndex: visible
Serve GZIP Files: false
Serve Brotli Files: false
Default File Extension: none

Available on:
  http://192.168.90.80:4200
  http://127.0.0.1:4200
Hit CTRL-C to stop the server

[Thu Oct 17 2024 07:51:14 GMT-0700 (Pacific Daylight Time)]  "GET /dashboard" "Mozilla/5.0 (Windows NT 10.0; Win64; x64) AppleWebKit/537.36 (KHTML, like Gecko) Chrome/130.0.0.0 Safari/537.36"
(node:4752) [DEP0066] DeprecationWarning: OutgoingMessage.prototype._headers is deprecated
(Use `node --trace-deprecation ...` to show where the warning was created)
[Thu Oct 17 2024 07:51:14 GMT-0700 (Pacific Daylight Time)]  "GET /dashboard" Error (404): "Not found"
[Thu Oct 17 2024 07:51:33 GMT-0700 (Pacific Daylight Time)]  "GET /dashboard" "Mozilla/5.0 (Windows NT 10.0; Win64; x64) AppleWebKit/537.36 (KHTML, like Gecko) Chrome/129.0.0.0 Safari/537.36"
[Thu Oct 17 2024 07:51:33 GMT-0700 (Pacific Daylight Time)]  "GET /dashboard" Error (404): "Not found"
http-server stopped.

C:\Users\Administrator\Documents\Superprod\superprod-ui-dev>http-server ./dist/superprod-ui -p 4200 
Starting up http-server, serving ./dist/superprod-ui

http-server version: 14.1.1

http-server settings: 
CORS: disabled
Cache: 3600 seconds
Connection Timeout: 120 seconds
Directory Listings: visible
AutoIndex: visible
Serve GZIP Files: false
Serve Brotli Files: false
Default File Extension: none

Available on:
  http://192.168.90.80:4200
  http://127.0.0.1:4200
Hit CTRL-C to stop the server

[Thu Oct 17 2024 09:16:47 GMT-0700 (Pacific Daylight Time)]  "GET /login" "Mozilla/5.0 (Windows NT 10.0; Win64; x64) AppleWebKit/537.36 (KHTML, like Gecko) Chrome/129.0.0.0 Safari/537.36"
(node:3444) [DEP0066] DeprecationWarning: OutgoingMessage.prototype._headers is deprecated
(Use `node --trace-deprecation ...` to show where the warning was created)
[Thu Oct 17 2024 09:16:47 GMT-0700 (Pacific Daylight Time)]  "GET /login" Error (404): "Not found"
[Thu Oct 17 2024 09:16:53 GMT-0700 (Pacific Daylight Time)]  "GET /" "Mozilla/5.0 (Windows NT 10.0; Win64; x64) AppleWebKit/537.36 (KHTML, like Gecko) Chrome/129.0.0.0 Safari/537.36"
[Thu Oct 17 2024 09:16:53 GMT-0700 (Pacific Daylight Time)]  "GET /runtime.683d0bae610b814a.js" "Mozilla/5.0 (Windows NT 10.0; Win64; x64) AppleWebKit/537.36 (KHTML, like Gecko) Chrome/129.0.0.0 Safari/537.36"
[Thu Oct 17 2024 09:16:53 GMT-0700 (Pacific Daylight Time)]  "GET /polyfills.c8137c8493e64880.js" "Mozilla/5.0 (Windows NT 10.0; Win64; x64) AppleWebKit/537.36 (KHTML, like Gecko) Chrome/129.0.0.0 Safari/537.36"
[Thu Oct 17 2024 09:16:53 GMT-0700 (Pacific Daylight Time)]  "GET /main.f27232e5a4f2733b.js" "Mozilla/5.0 (Windows NT 10.0; Win64; x64) AppleWebKit/537.36 (KHTML, like Gecko) Chrome/129.0.0.0 Safari/537.36"
[Thu Oct 17 2024 09:16:53 GMT-0700 (Pacific Daylight Time)]  "GET /styles.abbd11a33208ccfc.css" "Mozilla/5.0 (Windows NT 10.0; Win64; x64) AppleWebKit/537.36 (KHTML, like Gecko) Chrome/129.0.0.0 Safari/537.36"
[Thu Oct 17 2024 09:16:53 GMT-0700 (Pacific Daylight Time)]  "GET /assets/imagem/logo%20branca.svg" "Mozilla/5.0 (Windows NT 10.0; Win64; x64) AppleWebKit/537.36 (KHTML, like Gecko) Chrome/129.0.0.0 Safari/537.36"
[Thu Oct 17 2024 09:16:53 GMT-0700 (Pacific Daylight Time)]  "GET /primeicons.ba3f916dfb64be8c.woff2" "Mozilla/5.0 (Windows NT 10.0; Win64; x64) AppleWebKit/537.36 (KHTML, like Gecko) Chrome/129.0.0.0 Safari/537.36"
[Thu Oct 17 2024 09:16:54 GMT-0700 (Pacific Daylight Time)]  "GET /assets/imagem/Logo%20original.svg" "Mozilla/5.0 (Windows NT 10.0; Win64; x64) AppleWebKit/537.36 (KHTML, like Gecko) Chrome/129.0.0.0 Safari/537.36"
[Thu Oct 17 2024 09:16:54 GMT-0700 (Pacific Daylight Time)]  "GET /fundo%20teste-1.9565173a46901624.png" "Mozilla/5.0 (Windows NT 10.0; Win64; x64) AppleWebKit/537.36 (KHTML, like Gecko) Chrome/129.0.0.0 Safari/537.36"
[Thu Oct 17 2024 09:17:45 GMT-0700 (Pacific Daylight Time)]  "GET /common.66bb9ee73f84fc2f.js" "Mozilla/5.0 (Windows NT 10.0; Win64; x64) AppleWebKit/537.36 (KHTML, like Gecko) Chrome/129.0.0.0 Safari/537.36"
[Thu Oct 17 2024 09:17:45 GMT-0700 (Pacific Daylight Time)]  "GET /697.e6e8f439b3c18b3c.js" "Mozilla/5.0 (Windows NT 10.0; Win64; x64) AppleWebKit/537.36 (KHTML, like Gecko) Chrome/129.0.0.0 Safari/537.36"
[Thu Oct 17 2024 09:19:47 GMT-0700 (Pacific Daylight Time)]  "GET /400.8e393a1b4af24b93.js" "Mozilla/5.0 (Windows NT 10.0; Win64; x64) AppleWebKit/537.36 (KHTML, like Gecko) Chrome/129.0.0.0 Safari/537.36"
[Thu Oct 17 2024 09:19:52 GMT-0700 (Pacific Daylight Time)]  "GET /497.4a34ff0d7b2dcf3f.js" "Mozilla/5.0 (Windows NT 10.0; Win64; x64) AppleWebKit/537.36 (KHTML, like Gecko) Chrome/129.0.0.0 Safari/537.36"
[Thu Oct 17 2024 09:20:01 GMT-0700 (Pacific Daylight Time)]  "GET /426.f62d46adf0571771.js" "Mozilla/5.0 (Windows NT 10.0; Win64; x64) AppleWebKit/537.36 (KHTML, like Gecko) Chrome/129.0.0.0 Safari/537.36"
[Thu Oct 17 2024 09:21:25 GMT-0700 (Pacific Daylight Time)]  "GET /styles.abbd11a33208ccfc.css" "Mozilla/5.0 (Windows NT 10.0; Win64; x64) AppleWebKit/537.36 (KHTML, like Gecko) Chrome/130.0.0.0 Safari/537.36"
[Thu Oct 17 2024 09:21:29 GMT-0700 (Pacific Daylight Time)]  "GET /dashboard" "Mozilla/5.0 (Windows NT 10.0; Win64; x64) AppleWebKit/537.36 (KHTML, like Gecko) Chrome/130.0.0.0 Safari/537.36"
[Thu Oct 17 2024 09:21:29 GMT-0700 (Pacific Daylight Time)]  "GET /dashboard" Error (404): "Not found"
[Thu Oct 17 2024 09:21:35 GMT-0700 (Pacific Daylight Time)]  "GET /" "Mozilla/5.0 (Windows NT 10.0; Win64; x64) AppleWebKit/537.36 (KHTML, like Gecko) Chrome/130.0.0.0 Safari/537.36"
[Thu Oct 17 2024 09:21:35 GMT-0700 (Pacific Daylight Time)]  "GET /runtime.683d0bae610b814a.js" "Mozilla/5.0 (Windows NT 10.0; Win64; x64) AppleWebKit/537.36 (KHTML, like Gecko) Chrome/130.0.0.0 Safari/537.36"
[Thu Oct 17 2024 09:21:35 GMT-0700 (Pacific Daylight Time)]  "GET /polyfills.c8137c8493e64880.js" "Mozilla/5.0 (Windows NT 10.0; Win64; x64) AppleWebKit/537.36 (KHTML, like Gecko) Chrome/130.0.0.0 Safari/537.36"
[Thu Oct 17 2024 09:21:35 GMT-0700 (Pacific Daylight Time)]  "GET /main.f27232e5a4f2733b.js" "Mozilla/5.0 (Windows NT 10.0; Win64; x64) AppleWebKit/537.36 (KHTML, like Gecko) Chrome/130.0.0.0 Safari/537.36"
[Thu Oct 17 2024 09:21:37 GMT-0700 (Pacific Daylight Time)]  "GET /assets/imagem/logo%20branca.svg" "Mozilla/5.0 (Windows NT 10.0; Win64; x64) AppleWebKit/537.36 (KHTML, like Gecko) Chrome/130.0.0.0 Safari/537.36"
[Thu Oct 17 2024 09:21:37 GMT-0700 (Pacific Daylight Time)]  "GET /primeicons.ba3f916dfb64be8c.woff2" "Mozilla/5.0 (Windows NT 10.0; Win64; x64) AppleWebKit/537.36 (KHTML, like Gecko) Chrome/130.0.0.0 Safari/537.36"
[Thu Oct 17 2024 09:21:44 GMT-0700 (Pacific Daylight Time)]  "GET /assets/imagem/Logo%20original.svg" "Mozilla/5.0 (Windows NT 10.0; Win64; x64) AppleWebKit/537.36 (KHTML, like Gecko) Chrome/130.0.0.0 Safari/537.36"
[Thu Oct 17 2024 09:25:32 GMT-0700 (Pacific Daylight Time)]  "GET /dashboard" "Mozilla/5.0 (Windows NT 10.0; Win64; x64) AppleWebKit/537.36 (KHTML, like Gecko) Chrome/129.0.0.0 Safari/537.36"
[Thu Oct 17 2024 09:25:32 GMT-0700 (Pacific Daylight Time)]  "GET /dashboard" Error (404): "Not found"
[Thu Oct 17 2024 09:25:35 GMT-0700 (Pacific Daylight Time)]  "GET /" "Mozilla/5.0 (Windows NT 10.0; Win64; x64) AppleWebKit/537.36 (KHTML, like Gecko) Chrome/129.0.0.0 Safari/537.36"
[Thu Oct 17 2024 09:25:35 GMT-0700 (Pacific Daylight Time)]  "GET /runtime.683d0bae610b814a.js" "Mozilla/5.0 (Windows NT 10.0; Win64; x64) AppleWebKit/537.36 (KHTML, like Gecko) Chrome/129.0.0.0 Safari/537.36"
[Thu Oct 17 2024 09:25:35 GMT-0700 (Pacific Daylight Time)]  "GET /polyfills.c8137c8493e64880.js" "Mozilla/5.0 (Windows NT 10.0; Win64; x64) AppleWebKit/537.36 (KHTML, like Gecko) Chrome/129.0.0.0 Safari/537.36"
[Thu Oct 17 2024 09:25:35 GMT-0700 (Pacific Daylight Time)]  "GET /main.f27232e5a4f2733b.js" "Mozilla/5.0 (Windows NT 10.0; Win64; x64) AppleWebKit/537.36 (KHTML, like Gecko) Chrome/129.0.0.0 Safari/537.36"
[Thu Oct 17 2024 09:25:35 GMT-0700 (Pacific Daylight Time)]  "GET /styles.abbd11a33208ccfc.css" "Mozilla/5.0 (Windows NT 10.0; Win64; x64) AppleWebKit/537.36 (KHTML, like Gecko) Chrome/129.0.0.0 Safari/537.36"
[Thu Oct 17 2024 09:25:36 GMT-0700 (Pacific Daylight Time)]  "GET /assets/imagem/logo%20branca.svg" "Mozilla/5.0 (Windows NT 10.0; Win64; x64) AppleWebKit/537.36 (KHTML, like Gecko) Chrome/129.0.0.0 Safari/537.36"
[Thu Oct 17 2024 09:25:36 GMT-0700 (Pacific Daylight Time)]  "GET /primeicons.ba3f916dfb64be8c.woff2" "Mozilla/5.0 (Windows NT 10.0; Win64; x64) AppleWebKit/537.36 (KHTML, like Gecko) Chrome/129.0.0.0 Safari/537.36"
[Thu Oct 17 2024 09:25:38 GMT-0700 (Pacific Daylight Time)]  "GET /assets/imagem/Logo%20original.svg" "Mozilla/5.0 (Windows NT 10.0; Win64; x64) AppleWebKit/537.36 (KHTML, like Gecko) Chrome/129.0.0.0 Safari/537.36"
[Thu Oct 17 2024 09:26:18 GMT-0700 (Pacific Daylight Time)]  "GET /839.6fe7d08b566717f3.js" "Mozilla/5.0 (Windows NT 10.0; Win64; x64) AppleWebKit/537.36 (KHTML, like Gecko) Chrome/129.0.0.0 Safari/537.36"
[Thu Oct 17 2024 09:26:21 GMT-0700 (Pacific Daylight Time)]  "GET /239.d084c0ee0ab31414.js" "Mozilla/5.0 (Windows NT 10.0; Win64; x64) AppleWebKit/537.36 (KHTML, like Gecko) Chrome/129.0.0.0 Safari/537.36"
[Thu Oct 17 2024 09:26:27 GMT-0700 (Pacific Daylight Time)]  "GET /890.1d44f62497879242.js" "Mozilla/5.0 (Windows NT 10.0; Win64; x64) AppleWebKit/537.36 (KHTML, like Gecko) Chrome/129.0.0.0 Safari/537.36"
[Thu Oct 17 2024 09:26:40 GMT-0700 (Pacific Daylight Time)]  "GET /707.0ef9e0a2caa7366c.js" "Mozilla/5.0 (Windows NT 10.0; Win64; x64) AppleWebKit/537.36 (KHTML, like Gecko) Chrome/129.0.0.0 Safari/537.36"
[Thu Oct 17 2024 09:30:50 GMT-0700 (Pacific Daylight Time)]  "GET /common.66bb9ee73f84fc2f.js" "Mozilla/5.0 (Windows NT 10.0; Win64; x64) AppleWebKit/537.36 (KHTML, like Gecko) Chrome/129.0.0.0 Safari/537.36"
[Thu Oct 17 2024 09:30:50 GMT-0700 (Pacific Daylight Time)]  "GET /697.e6e8f439b3c18b3c.js" "Mozilla/5.0 (Windows NT 10.0; Win64; x64) AppleWebKit/537.36 (KHTML, like Gecko) Chrome/129.0.0.0 Safari/537.36"
[Thu Oct 17 2024 09:31:01 GMT-0700 (Pacific Daylight Time)]  "GET /400.8e393a1b4af24b93.js" "Mozilla/5.0 (Windows NT 10.0; Win64; x64) AppleWebKit/537.36 (KHTML, like Gecko) Chrome/129.0.0.0 Safari/537.36"
[Thu Oct 17 2024 09:37:40 GMT-0700 (Pacific Daylight Time)]  "GET /" "Mozilla/5.0 (Windows NT 10.0; Win64; x64) AppleWebKit/537.36 (KHTML, like Gecko) Chrome/129.0.0.0 Safari/537.36"
[Thu Oct 17 2024 09:37:40 GMT-0700 (Pacific Daylight Time)]  "GET /runtime.683d0bae610b814a.js" "Mozilla/5.0 (Windows NT 10.0; Win64; x64) AppleWebKit/537.36 (KHTML, like Gecko) Chrome/129.0.0.0 Safari/537.36"
[Thu Oct 17 2024 09:37:40 GMT-0700 (Pacific Daylight Time)]  "GET /polyfills.c8137c8493e64880.js" "Mozilla/5.0 (Windows NT 10.0; Win64; x64) AppleWebKit/537.36 (KHTML, like Gecko) Chrome/129.0.0.0 Safari/537.36"
[Thu Oct 17 2024 09:37:40 GMT-0700 (Pacific Daylight Time)]  "GET /main.f27232e5a4f2733b.js" "Mozilla/5.0 (Windows NT 10.0; Win64; x64) AppleWebKit/537.36 (KHTML, like Gecko) Chrome/129.0.0.0 Safari/537.36"
[Thu Oct 17 2024 09:37:40 GMT-0700 (Pacific Daylight Time)]  "GET /styles.abbd11a33208ccfc.css" "Mozilla/5.0 (Windows NT 10.0; Win64; x64) AppleWebKit/537.36 (KHTML, like Gecko) Chrome/129.0.0.0 Safari/537.36"
[Thu Oct 17 2024 09:37:40 GMT-0700 (Pacific Daylight Time)]  "GET /assets/imagem/logo%20branca.svg" "Mozilla/5.0 (Windows NT 10.0; Win64; x64) AppleWebKit/537.36 (KHTML, like Gecko) Chrome/129.0.0.0 Safari/537.36"
[Thu Oct 17 2024 09:37:40 GMT-0700 (Pacific Daylight Time)]  "GET /primeicons.ba3f916dfb64be8c.woff2" "Mozilla/5.0 (Windows NT 10.0; Win64; x64) AppleWebKit/537.36 (KHTML, like Gecko) Chrome/129.0.0.0 Safari/537.36"
[Thu Oct 17 2024 09:37:40 GMT-0700 (Pacific Daylight Time)]  "GET /assets/imagem/Logo%20original.svg" "Mozilla/5.0 (Windows NT 10.0; Win64; x64) AppleWebKit/537.36 (KHTML, like Gecko) Chrome/129.0.0.0 Safari/537.36"
[Thu Oct 17 2024 09:37:40 GMT-0700 (Pacific Daylight Time)]  "GET /fundo%20teste-1.9565173a46901624.png" "Mozilla/5.0 (Windows NT 10.0; Win64; x64) AppleWebKit/537.36 (KHTML, like Gecko) Chrome/129.0.0.0 Safari/537.36"

C:\Users\Administrator\Documents\Superprod\superprod-ui-dev>http-server ./dist/superprod-ui -p 4200 
Starting up http-server, serving ./dist/superprod-ui

http-server version: 14.1.1

http-server settings: 
CORS: disabled
Cache: 3600 seconds
Connection Timeout: 120 seconds
Directory Listings: visible
AutoIndex: visible
Serve GZIP Files: false
Serve Brotli Files: false
Default File Extension: none

Available on:
  http://192.168.90.80:4200
  http://127.0.0.1:4200
Hit CTRL-C to stop the server

